// Jest Snapshot v1, https://goo.gl/fbAQLP

exports[`getPostsTinybirdExport function should return posts to export to tinybird with specific properties 1`] = `
Array [
  Object {
    "author_id": null,
    "banned": 0,
    "content_curation": Array [],
    "created_at": "",
    "creator_twitter": null,
    "id": "p1",
    "metadata_changed_at": "",
    "post_private": 0,
    "post_type": "article",
    "source_id": "a",
    "source_type": "Source",
    "tags_str": "javascript,webdev",
  },
  Object {
    "author_id": null,
    "banned": 0,
    "content_curation": Array [],
    "created_at": "",
    "creator_twitter": null,
    "id": "p2",
    "metadata_changed_at": "",
    "post_private": 0,
    "post_type": "article",
    "source_id": "b",
    "source_type": "Source",
    "tags_str": null,
  },
  Object {
    "author_id": null,
    "banned": 0,
    "content_curation": Array [],
    "created_at": "",
    "creator_twitter": null,
    "id": "p3",
    "metadata_changed_at": "",
    "post_private": 0,
    "post_type": "article",
    "source_id": "c",
    "source_type": "Source",
    "tags_str": null,
  },
  Object {
    "author_id": null,
    "banned": 0,
    "content_curation": Array [],
    "created_at": "",
    "creator_twitter": null,
    "id": "p4",
    "metadata_changed_at": "",
    "post_private": 0,
    "post_type": "article",
    "source_id": "a",
    "source_type": "Source",
    "tags_str": "backend,data,javascript",
  },
  Object {
    "author_id": null,
    "banned": 0,
    "content_curation": Array [],
    "created_at": "",
    "creator_twitter": null,
    "id": "p5",
    "metadata_changed_at": "",
    "post_private": 0,
    "post_type": "article",
    "source_id": "b",
    "source_type": "Source",
    "tags_str": "html,javascript",
  },
  Object {
    "author_id": null,
    "banned": 0,
    "content_curation": Array [],
    "created_at": "",
    "creator_twitter": null,
    "id": "p6",
    "metadata_changed_at": "",
    "post_private": 1,
    "post_type": "article",
    "source_id": "p",
    "source_type": "Source",
    "tags_str": null,
  },
  Object {
    "author_id": null,
    "banned": 0,
    "content_curation": Array [],
    "created_at": "",
    "creator_twitter": null,
    "id": "squadP1",
    "metadata_changed_at": "",
    "post_private": 1,
    "post_type": "article",
    "source_id": "squad",
    "source_type": "Source",
    "tags_str": null,
  },
]
`;
