// Jest Snapshot v1, https://goo.gl/fbAQLP

exports[`should save a new user 1`] = `
User {
  "acceptedMarketing": false,
  "bio": null,
  "company": null,
  "createdAt": 2021-08-11T00:00:00.000Z,
  "devcardEligible": false,
  "email": "ido@acme.com",
  "github": null,
  "hashnode": null,
  "id": "abc",
  "image": "https://daily.dev/image.jpg",
  "infoConfirmed": false,
  "name": "Ido",
  "portfolio": null,
  "profileConfirmed": false,
  "reputation": 10,
  "timezone": null,
  "title": null,
  "twitter": null,
  "updatedAt": null,
  "username": null,
}
`;
