// Jest Snapshot v1, https://goo.gl/fbAQLP

exports[`should save a new post with basic information 1`] = `
Object {
  "authorId": null,
  "banned": false,
  "canonicalUrl": "https://post.com",
  "comments": 0,
  "contentCuration": Any<Array>,
  "contentMeta": Any<Object>,
  "contentQuality": Any<Object>,
  "createdAt": Any<Date>,
  "creatorTwitter": null,
  "deleted": false,
  "description": null,
  "discussionScore": null,
  "downvotes": 0,
  "flags": Object {
    "private": false,
    "sentAnalyticsReport": true,
    "showOnFeed": true,
    "visible": true,
  },
  "id": Any<String>,
  "image": null,
  "language": "en",
  "lastTrending": null,
  "metadataChangedAt": Any<Date>,
  "origin": "crawler",
  "pinnedAt": null,
  "placeholder": null,
  "private": false,
  "publishedAt": null,
  "ratio": null,
  "readTime": null,
  "score": Any<Number>,
  "scoutId": null,
  "sentAnalyticsReport": true,
  "shortId": Any<String>,
  "showOnFeed": true,
  "siteTwitter": null,
  "slug": Any<String>,
  "sourceId": "a",
  "summary": null,
  "tagsStr": null,
  "title": "Title",
  "titleHtml": null,
  "toc": null,
  "trending": null,
  "type": "article",
  "upvotes": 0,
  "url": "https://post.com",
  "views": 0,
  "viewsThreshold": 0,
  "visible": true,
  "visibleAt": Any<Date>,
  "yggdrasilId": "f99a445f-e2fb-48e8-959c-e02a17f5e816",
}
`;
