// Jest Snapshot v1, https://goo.gl/fbAQLP

exports[`should send mail to the reporters 1`] = `
Array [
  Object {
    "asm": Object {
      "groupId": 12850,
    },
    "category": "Notification",
    "from": Object {
      "email": "informer@daily.dev",
      "name": "daily.dev",
    },
    "personalizations": Array [
      Object {
        "dynamicTemplateData": Object {
          "article_title": "P1",
          "first_name": "Ido",
          "post_id": "p1",
          "report_type": "Broken link",
          "source_name": "A",
          "timestamp": "May 6, 2021, 1:36:26 PM GMT+0",
        },
        "to": "ido@acme.com",
      },
      Object {
        "dynamicTemplateData": Object {
          "article_title": "P1",
          "first_name": "Tsahi",
          "post_id": "p1",
          "report_type": "Clickbait",
          "source_name": "A",
          "timestamp": "May 5, 2021, 12:36:26 PM GMT+0",
        },
        "to": "tsahi@acme.com",
      },
    ],
    "replyTo": Object {
      "email": "hi@daily.dev",
      "name": "daily.dev",
    },
    "templateId": "d-dc6edf61c52442689e8870a434d8811d",
    "trackingSettings": Object {
      "openTracking": Object {
        "enable": true,
      },
    },
  },
]
`;
