// Jest Snapshot v1, https://goo.gl/fbAQLP

exports[`should save a new user 1`] = `
User {
  "id": "abc",
  "image": "https://daily.dev/image.jpg",
  "name": "Ido",
  "profileConfirmed": false,
  "reputation": 0,
  "twitter": null,
  "username": null,
}
`;
