// Jest Snapshot v1, https://goo.gl/fbAQLP

exports[`POST /p/newPost should save a new post with basic information 1`] = `
Object {
  "authorId": null,
  "banned": false,
  "canonicalUrl": "https://post.com",
  "comments": 0,
  "createdAt": Any<Date>,
  "creatorTwitter": null,
  "deleted": false,
  "description": null,
  "discussionScore": null,
  "id": Any<String>,
  "image": null,
  "lastTrending": null,
  "metadataChangedAt": Any<Date>,
  "placeholder": null,
  "publishedAt": null,
  "ratio": null,
  "readTime": null,
  "score": Any<Number>,
  "scoutId": null,
  "sentAnalyticsReport": true,
  "shortId": Any<String>,
  "siteTwitter": null,
  "sourceId": "a",
  "summary": null,
  "tagsStr": null,
  "title": "Title",
  "toc": null,
  "trending": null,
  "tweeted": false,
  "type": "article",
  "upvotes": 0,
  "url": "https://post.com",
  "views": 0,
  "viewsThreshold": 0,
}
`;
