// Jest Snapshot v1, https://goo.gl/fbAQLP

exports[`GET /rss/b/:slug should return rss feed of bookmarks 1`] = `"<?xml version=\\"1.0\\" encoding=\\"UTF-8\\"?><rss xmlns:dc=\\"http://purl.org/dc/elements/1.1/\\" xmlns:content=\\"http://purl.org/rss/1.0/modules/content/\\" xmlns:atom=\\"http://www.w3.org/2005/Atom\\" version=\\"2.0\\"><channel><title><![CDATA[Ido's bookmarks by daily.dev]]></title><description><![CDATA[Ido's bookmarks by daily.dev]]></description><link>http://localhost:5002/idoshamun</link><generator>daily.dev RSS</generator><atom:link href=\\"http://localhost:4000/rss/b/uuid\\" rel=\\"self\\" type=\\"application/rss+xml\\"/><item><title><![CDATA[P3]]></title><link>http://localhost:5002/posts/p3?utm_source=rss&amp;utm_medium=bookmarks&amp;utm_campaign=1</link><guid isPermaLink=\\"false\\">p3</guid><pubDate>Wed, 03 Jun 2020 13:51:03 GMT</pubDate></item><item><title><![CDATA[P1]]></title><link>http://localhost:5002/posts/p1?utm_source=rss&amp;utm_medium=bookmarks&amp;utm_campaign=1</link><guid isPermaLink=\\"false\\">p1</guid><pubDate>Wed, 03 Jun 2020 13:51:02 GMT</pubDate></item><item><title><![CDATA[P5]]></title><link>http://localhost:5002/posts/p5?utm_source=rss&amp;utm_medium=bookmarks&amp;utm_campaign=1</link><guid isPermaLink=\\"false\\">p5</guid><pubDate>Wed, 03 Jun 2020 13:51:01 GMT</pubDate></item></channel></rss>"`;
