// Jest Snapshot v1, https://goo.gl/fbAQLP

exports[`PostsMetadataRepository append success 1`] = `
"id1,author_id1,created_at,metadata_changed_at,creator_twitter,source_id,tags_str,0,post_type,1,['content_curation'],source_type,\\"{\\"\\"visible\\"\\": true, \\"\\"showOnFeed\\"\\": true, \\"\\"sentAnalyticsReport\\"\\": true}\\",en,0
id2,author_id2,created_at2,metadata_changed_at2,creator_twitter2,source_id2,tags_str2,0,post_type2,1,\\"['content_curation1', 'content_curation2']\\",source_type2,\\"{\\"\\"visible\\"\\": true, \\"\\"showOnFeed\\"\\": true, \\"\\"sentAnalyticsReport\\"\\": true}\\",en,0.5"
`;
